"*"{"key_value1": "value1"}*"{"key_value2": "value2"}*"
"*"{"key_value1": "value1"}*"{"key_value2": "value2"}*"
"*"{"key_value1": "value1"}*"{"key_value2": "value2"}*""*"{"key1": "value1"}*"{"key2": "value2"}*"
"*"{"key1": "value1"}*"{"key2": "value2"}*"
"*"{"key1": "value1"}*"{"key2": "value2"}*"
"*"{"key1": "value1"}*"{"key2": "value2"}*"
"*"{"key1": "value1"}*"{"key2": "value2"}*"
"*"{"key1": "value1"}*"{"key2": "value2"}*"
"*"{"key1": "value1"}*"{"key2": "value2"}"
"*"{"key1": "value1"}*"{"key2": "value2"}*"
"*"{"key1": "value1"}*"{"key2": "value2"}*"
"*"{"key1": "value1"}*"{"key2": "value2"}*"
"*"{"key1": "value1"}*"{"key2": "value2"}*"
"*"{"key1": "value1"}*"{"key2": "value2"}*"
"*"{"key1": "value1"}*"{"key2": "value2"}*"
